
PS [YourFolder]\alwayson> docker compose build --no-cache      
                                                                
time="2026-06-15T11:15:51+02:00" level=warning msg="[YourFolder]\docker-compose.yml: the attribute `version` is obsolete, it will be ignored, please remove it to avoid potential confusion"
#1 [internal] load local bake definitions
#1 reading from stdin 1.09kB 0.0s done
#1 DONE 0.0s

#2 [mssqlaagnode2 internal] load build definition from dockerfile
#2 transferring dockerfile: 1.15kB 0.0s done
#2 DONE 0.0s

#3 [mssqlaagnode1 internal] load metadata for mcr.microsoft.com/mssql/server:2025-latest
#3 DONE 0.2s

#4 [mssqlaagnode1 internal] load .dockerignore
#4 transferring context: 2B done
#4 DONE 0.0s

#5 [mssqlaagnode2 1/9] FROM mcr.microsoft.com/mssql/server:2025-latest@sha256:2fa59c23272a23dfd9600abf4ee52c0de6ae7ac640f14c617bc717ec139a5295
#5 resolve mcr.microsoft.com/mssql/server:2025-latest@sha256:2fa59c23272a23dfd9600abf4ee52c0de6ae7ac640f14c617bc717ec139a5295 0.0s done
#5 CACHED

#6 [mssqlaagnode1 internal] load build context
#6 transferring context: 8.12kB 0.0s done
#6 DONE 0.0s

#7 [mssqlaagnode2 2/9] RUN apt-get update && apt-get install -y curl gnupg  && curl https://packages.microsoft.com/keys/microsoft.asc | apt-key add -  && curl https://packages.microsoft.com/config/ubuntu/22.04/prod.list > /etc/apt/sources.list.d/mssql-release.list  && apt-get update  && ACCEPT_EULA=Y apt-get install -y mssql-tools18 unixodbc-dev
#7 ...

#6 [mssqlaagnode2 internal] load build context
#6 DONE 0.0s

#7 [mssqlaagnode2 2/9] RUN apt-get update && apt-get install -y curl gnupg  && curl https://packages.microsoft.com/keys/microsoft.asc | apt-key add -  && curl https://packages.microsoft.com/config/ubuntu/22.04/prod.list > /etc/apt/sources.list.d/mssql-release.list  && apt-get update  && ACCEPT_EULA=Y apt-get install -y mssql-tools18 unixodbc-dev
#7 0.622 Get:1 http://security.ubuntu.com/ubuntu jammy-security InRelease [129 kB]
#7 0.625 Get:2 http://archive.ubuntu.com/ubuntu jammy InRelease [270 kB]
#7 0.843 Get:3 http://archive.ubuntu.com/ubuntu jammy-updates InRelease [128 kB]
#7 0.886 Get:4 https://packages.microsoft.com/ubuntu/22.04/prod jammy InRelease [3632 B]
#7 0.914 Get:5 http://archive.ubuntu.com/ubuntu jammy-backports InRelease [127 kB]
#7 0.975 Get:6 http://security.ubuntu.com/ubuntu jammy-security/multiverse amd64 Packages [77.8 kB]
#7 1.025 Get:7 http://security.ubuntu.com/ubuntu jammy-security/main amd64 Packages [4006 kB]
#7 1.199 Get:8 http://archive.ubuntu.com/ubuntu jammy/universe amd64 Packages [17.5 MB]
#7 1.351 Get:9 http://security.ubuntu.com/ubuntu jammy-security/universe amd64 Packages [1303 kB]
#7 1.487 Get:10 http://security.ubuntu.com/ubuntu jammy-security/restricted amd64 Packages [7183 kB]
#7 1.831 Get:11 https://packages.microsoft.com/ubuntu/22.04/prod jammy/main all Packages [1319 B]
#7 1.877 Get:12 https://packages.microsoft.com/ubuntu/22.04/prod jammy/main arm64 Packages [205 kB]
#7 1.948 Get:13 https://packages.microsoft.com/ubuntu/22.04/prod jammy/main armhf Packages [21.9 kB]
#7 1.953 Get:14 https://packages.microsoft.com/ubuntu/22.04/prod jammy/main amd64 Packages [396 kB]
#7 2.887 Get:15 http://archive.ubuntu.com/ubuntu jammy/main amd64 Packages [1792 kB]
#7 3.020 Get:16 http://archive.ubuntu.com/ubuntu jammy/multiverse amd64 Packages [266 kB]
#7 3.033 Get:17 http://archive.ubuntu.com/ubuntu jammy/restricted amd64 Packages [164 kB]
#7 3.056 Get:18 http://archive.ubuntu.com/ubuntu jammy-updates/universe amd64 Packages [1611 kB]
#7 3.157 Get:19 http://archive.ubuntu.com/ubuntu jammy-updates/main amd64 Packages [4357 kB]
#7 3.377 Get:20 http://archive.ubuntu.com/ubuntu jammy-updates/restricted amd64 Packages [7489 kB]
#7 3.754 Get:21 http://archive.ubuntu.com/ubuntu jammy-updates/multiverse amd64 Packages [86.4 kB]
#7 3.756 Get:22 http://archive.ubuntu.com/ubuntu jammy-backports/main amd64 Packages [82.8 kB]
#7 3.762 Get:23 http://archive.ubuntu.com/ubuntu jammy-backports/universe amd64 Packages [35.6 kB]
#7 4.819 Fetched 47.2 MB in 4s (11.0 MB/s)
#7 4.819 Reading package lists...
#7 6.225 Reading package lists...
#7 7.646 Building dependency tree...
#7 7.944 Reading state information...
#7 8.231 The following additional packages will be installed:
#7 8.231   dirmngr gnupg-l10n gnupg-utils gpg gpg-agent gpg-wks-client gpg-wks-server
#7 8.232   gpgconf gpgsm gpgv libassuan0 libcurl4 libksba8 libnpth0 pinentry-curses
#7 8.234 Suggested packages:
#7 8.234   dbus-user-session libpam-systemd pinentry-gnome3 tor parcimonie xloadimage
#7 8.234   scdaemon pinentry-doc
#7 8.294 The following NEW packages will be installed:
#7 8.294   curl dirmngr gnupg gnupg-l10n gnupg-utils gpg gpg-agent gpg-wks-client
#7 8.295   gpg-wks-server gpgconf gpgsm libassuan0 libcurl4 libksba8 libnpth0
#7 8.296   pinentry-curses
#7 8.297 The following packages will be upgraded:
#7 8.299   gpgv
#7 8.429 1 upgraded, 16 newly installed, 0 to remove and 50 not upgraded.
#7 8.429 Need to get 2932 kB of archives.
#7 8.429 After this operation, 7100 kB of additional disk space will be used.
#7 8.429 Get:1 http://archive.ubuntu.com/ubuntu jammy-updates/main amd64 gpgv amd64 2.2.27-3ubuntu2.5 [137 kB]
#7 8.523 Get:2 http://archive.ubuntu.com/ubuntu jammy-updates/main amd64 libcurl4 amd64 7.81.0-1ubuntu1.24 [291 kB]
#7 8.546 Get:3 http://archive.ubuntu.com/ubuntu jammy-updates/main amd64 curl amd64 7.81.0-1ubuntu1.24 [194 kB]
#7 8.567 Get:4 http://archive.ubuntu.com/ubuntu jammy/main amd64 libassuan0 amd64 2.5.5-1build1 [38.2 kB]
#7 8.569 Get:5 http://archive.ubuntu.com/ubuntu jammy-updates/main amd64 gpgconf amd64 2.2.27-3ubuntu2.5 [94.3 kB]
#7 8.581 Get:6 http://archive.ubuntu.com/ubuntu jammy-updates/main amd64 libksba8 amd64 1.6.0-2ubuntu0.2 [119 kB]
#7 8.588 Get:7 http://archive.ubuntu.com/ubuntu jammy/main amd64 libnpth0 amd64 1.6-3build2 [8664 B]
#7 8.590 Get:8 http://archive.ubuntu.com/ubuntu jammy-updates/main amd64 dirmngr amd64 2.2.27-3ubuntu2.5 [293 kB]
#7 8.615 Get:9 http://archive.ubuntu.com/ubuntu jammy-updates/main amd64 gnupg-l10n all 2.2.27-3ubuntu2.5 [54.5 kB]
#7 8.618 Get:10 http://archive.ubuntu.com/ubuntu jammy-updates/main amd64 gnupg-utils amd64 2.2.27-3ubuntu2.5 [309 kB]
#7 8.637 Get:11 http://archive.ubuntu.com/ubuntu jammy-updates/main amd64 gpg amd64 2.2.27-3ubuntu2.5 [519 kB]
#7 8.664 Get:12 http://archive.ubuntu.com/ubuntu jammy/main amd64 pinentry-curses amd64 1.1.1-1build2 [34.4 kB]
#7 8.666 Get:13 http://archive.ubuntu.com/ubuntu jammy-updates/main amd64 gpg-agent amd64 2.2.27-3ubuntu2.5 [209 kB]
#7 8.675 Get:14 http://archive.ubuntu.com/ubuntu jammy-updates/main amd64 gpg-wks-client amd64 2.2.27-3ubuntu2.5 [62.7 kB]
#7 8.681 Get:15 http://archive.ubuntu.com/ubuntu jammy-updates/main amd64 gpg-wks-server amd64 2.2.27-3ubuntu2.5 [57.6 kB]
#7 8.685 Get:16 http://archive.ubuntu.com/ubuntu jammy-updates/main amd64 gpgsm amd64 2.2.27-3ubuntu2.5 [197 kB]
#7 8.699 Get:17 http://archive.ubuntu.com/ubuntu jammy-updates/main amd64 gnupg all 2.2.27-3ubuntu2.5 [315 kB]
#7 8.959 debconf: delaying package configuration, since apt-utils is not installed
#7 9.014 Fetched 2932 kB in 0s (7411 kB/s)
(Reading database ... 9938 files and directories currently installed.)
#7 9.158 Preparing to unpack .../gpgv_2.2.27-3ubuntu2.5_amd64.deb ...
#7 9.176 Unpacking gpgv (2.2.27-3ubuntu2.5) over (2.2.27-3ubuntu2.4) ...
#7 9.265 Setting up gpgv (2.2.27-3ubuntu2.5) ...
#7 9.341 Selecting previously unselected package libcurl4:amd64.
(Reading database ... 9938 files and directories currently installed.)
#7 9.365 Preparing to unpack .../00-libcurl4_7.81.0-1ubuntu1.24_amd64.deb ...
#7 9.436 Unpacking libcurl4:amd64 (7.81.0-1ubuntu1.24) ...
#7 9.491 Selecting previously unselected package curl.
#7 9.493 Preparing to unpack .../01-curl_7.81.0-1ubuntu1.24_amd64.deb ...
#7 9.500 Unpacking curl (7.81.0-1ubuntu1.24) ...
#7 9.558 Selecting previously unselected package libassuan0:amd64.
#7 9.560 Preparing to unpack .../02-libassuan0_2.5.5-1build1_amd64.deb ...
#7 9.566 Unpacking libassuan0:amd64 (2.5.5-1build1) ...
#7 9.616 Selecting previously unselected package gpgconf.
#7 9.618 Preparing to unpack .../03-gpgconf_2.2.27-3ubuntu2.5_amd64.deb ...
#7 9.624 Unpacking gpgconf (2.2.27-3ubuntu2.5) ...
#7 9.687 Selecting previously unselected package libksba8:amd64.
#7 9.690 Preparing to unpack .../04-libksba8_1.6.0-2ubuntu0.2_amd64.deb ...
#7 9.698 Unpacking libksba8:amd64 (1.6.0-2ubuntu0.2) ...
#7 9.763 Selecting previously unselected package libnpth0:amd64.
#7 9.766 Preparing to unpack .../05-libnpth0_1.6-3build2_amd64.deb ...
#7 9.772 Unpacking libnpth0:amd64 (1.6-3build2) ...
#7 9.830 Selecting previously unselected package dirmngr.
#7 9.832 Preparing to unpack .../06-dirmngr_2.2.27-3ubuntu2.5_amd64.deb ...
#7 9.861 Unpacking dirmngr (2.2.27-3ubuntu2.5) ...
#7 9.953 Selecting previously unselected package gnupg-l10n.
#7 9.956 Preparing to unpack .../07-gnupg-l10n_2.2.27-3ubuntu2.5_all.deb ...
#7 9.963 Unpacking gnupg-l10n (2.2.27-3ubuntu2.5) ...
#7 10.03 Selecting previously unselected package gnupg-utils.
#7 10.03 Preparing to unpack .../08-gnupg-utils_2.2.27-3ubuntu2.5_amd64.deb ...
#7 10.04 Unpacking gnupg-utils (2.2.27-3ubuntu2.5) ...
#7 10.09 Selecting previously unselected package gpg.
#7 10.10 Preparing to unpack .../09-gpg_2.2.27-3ubuntu2.5_amd64.deb ...
#7 10.10 Unpacking gpg (2.2.27-3ubuntu2.5) ...
#7 10.16 Selecting previously unselected package pinentry-curses.
#7 10.16 Preparing to unpack .../10-pinentry-curses_1.1.1-1build2_amd64.deb ...
#7 10.17 Unpacking pinentry-curses (1.1.1-1build2) ...
#7 10.23 Selecting previously unselected package gpg-agent.
#7 10.23 Preparing to unpack .../11-gpg-agent_2.2.27-3ubuntu2.5_amd64.deb ...
#7 10.24 Unpacking gpg-agent (2.2.27-3ubuntu2.5) ...
#7 10.31 Selecting previously unselected package gpg-wks-client.
#7 10.31 Preparing to unpack .../12-gpg-wks-client_2.2.27-3ubuntu2.5_amd64.deb ...
#7 10.32 Unpacking gpg-wks-client (2.2.27-3ubuntu2.5) ...
#7 10.37 Selecting previously unselected package gpg-wks-server.
#7 10.37 Preparing to unpack .../13-gpg-wks-server_2.2.27-3ubuntu2.5_amd64.deb ...
#7 10.37 Unpacking gpg-wks-server (2.2.27-3ubuntu2.5) ...
#7 10.43 Selecting previously unselected package gpgsm.
#7 10.43 Preparing to unpack .../14-gpgsm_2.2.27-3ubuntu2.5_amd64.deb ...
#7 10.43 Unpacking gpgsm (2.2.27-3ubuntu2.5) ...
#7 10.48 Selecting previously unselected package gnupg.
#7 10.48 Preparing to unpack .../15-gnupg_2.2.27-3ubuntu2.5_all.deb ...
#7 10.49 Unpacking gnupg (2.2.27-3ubuntu2.5) ...
#7 10.56 Setting up libksba8:amd64 (1.6.0-2ubuntu0.2) ...
#7 10.58 Setting up libnpth0:amd64 (1.6-3build2) ...
#7 10.60 Setting up libassuan0:amd64 (2.5.5-1build1) ...
#7 10.62 Setting up gnupg-l10n (2.2.27-3ubuntu2.5) ...
#7 10.64 Setting up gpgconf (2.2.27-3ubuntu2.5) ...
#7 10.66 Setting up libcurl4:amd64 (7.81.0-1ubuntu1.24) ...
#7 10.68 Setting up curl (7.81.0-1ubuntu1.24) ...
#7 10.70 Setting up gpg (2.2.27-3ubuntu2.5) ...
#7 10.72 Setting up gnupg-utils (2.2.27-3ubuntu2.5) ...
#7 10.74 Setting up pinentry-curses (1.1.1-1build2) ...
#7 10.77 Setting up gpg-agent (2.2.27-3ubuntu2.5) ...
#7 11.29 Setting up gpgsm (2.2.27-3ubuntu2.5) ...
#7 11.31 Setting up dirmngr (2.2.27-3ubuntu2.5) ...
#7 11.50 Setting up gpg-wks-server (2.2.27-3ubuntu2.5) ...
#7 11.52 Setting up gpg-wks-client (2.2.27-3ubuntu2.5) ...
#7 11.54 Setting up gnupg (2.2.27-3ubuntu2.5) ...
#7 11.56 Processing triggers for libc-bin (2.35-0ubuntu3.10) ...
#7 11.79   % Total    % Received % Xferd  Average Speed   Time    Time     Time  Current
#7 11.79                                  Dload  Upload   Total   Spent    Left  Speed
  0     0    0     0    0     0      0      0 --:--:-- --:--:-- --:--:--     0Warning: apt-key is deprecated. Manage keyring files in trusted.gpg.d instead (see apt-key(8)).
100   975  100   975    0     0   2778      0 --:--:-- --:--:-- --:--:--  2777
#7 12.35 OK
#7 12.38   % Total    % Received % Xferd  Average Speed   Time    Time     Time  Current
#7 12.38                                  Dload  Upload   Total   Spent    Left  Speed
100    89  100    89    0     0    336      0 --:--:-- --:--:-- --:--:--   337
#7 12.82 Hit:1 http://archive.ubuntu.com/ubuntu jammy InRelease
#7 12.82 Hit:2 http://security.ubuntu.com/ubuntu jammy-security InRelease
#7 12.85 Hit:3 https://packages.microsoft.com/ubuntu/22.04/prod jammy InRelease
#7 12.86 Hit:4 http://archive.ubuntu.com/ubuntu jammy-updates InRelease
#7 12.91 Hit:5 http://archive.ubuntu.com/ubuntu jammy-backports InRelease
#7 13.58 Reading package lists...
#7 15.12 W: Target Packages (main/binary-amd64/Packages) is configured multiple times in /etc/apt/sources.list.d/microsoft-prod.list:1 and /etc/apt/sources.list.d/mssql-release.list:1
#7 15.12 W: Target Packages (main/binary-arm64/Packages) is configured multiple times in /etc/apt/sources.list.d/microsoft-prod.list:1 and /etc/apt/sources.list.d/mssql-release.list:1
#7 15.12 W: Target Packages (main/binary-armhf/Packages) is configured multiple times in /etc/apt/sources.list.d/microsoft-prod.list:1 and /etc/apt/sources.list.d/mssql-release.list:1
#7 15.12 W: Target Packages (main/binary-all/Packages) is configured multiple times in /etc/apt/sources.list.d/microsoft-prod.list:1 and /etc/apt/sources.list.d/mssql-release.list:1
#7 15.12 W: Target Packages (main/binary-amd64/Packages) is configured multiple times in /etc/apt/sources.list.d/microsoft-prod.list:1 and /etc/apt/sources.list.d/mssql-release.list:1
#7 15.12 W: Target Packages (main/binary-arm64/Packages) is configured multiple times in /etc/apt/sources.list.d/microsoft-prod.list:1 and /etc/apt/sources.list.d/mssql-release.list:1
#7 15.12 W: Target Packages (main/binary-armhf/Packages) is configured multiple times in /etc/apt/sources.list.d/microsoft-prod.list:1 and /etc/apt/sources.list.d/mssql-release.list:1
#7 15.12 W: Target Packages (main/binary-all/Packages) is configured multiple times in /etc/apt/sources.list.d/microsoft-prod.list:1 and /etc/apt/sources.list.d/mssql-release.list:1
#7 15.17 Reading package lists...
#7 16.54 Building dependency tree...
#7 16.86 Reading state information...
#7 17.10 The following additional packages will be installed:
#7 17.10   libodbccr2
#7 17.17 The following NEW packages will be installed:
#7 17.17   libodbccr2 unixodbc-dev
#7 17.18 The following packages will be upgraded:
#7 17.18   mssql-tools18
#7 17.25 1 upgraded, 2 newly installed, 0 to remove and 49 not upgraded.
#7 17.25 Need to get 495 kB of archives.
#7 17.25 After this operation, 1895 kB of additional disk space will be used.
#7 17.25 Get:1 http://archive.ubuntu.com/ubuntu jammy-updates/main amd64 libodbccr2 amd64 2.3.9-5ubuntu0.1 [16.7 kB]
#7 17.29 Get:2 http://archive.ubuntu.com/ubuntu jammy-updates/main amd64 unixodbc-dev amd64 2.3.9-5ubuntu0.1 [248 kB]
#7 17.63 Get:3 https://packages.microsoft.com/ubuntu/22.04/prod jammy/main amd64 mssql-tools18 amd64 18.6.2.1-1 [231 kB]
#7 17.83 debconf: delaying package configuration, since apt-utils is not installed
#7 17.87 Fetched 495 kB in 1s (985 kB/s)
#7 17.92 Selecting previously unselected package libodbccr2:amd64.
(Reading database ... 10166 files and directories currently installed.)
#7 17.94 Preparing to unpack .../libodbccr2_2.3.9-5ubuntu0.1_amd64.deb ...
#7 17.95 Unpacking libodbccr2:amd64 (2.3.9-5ubuntu0.1) ...
#7 18.02 Preparing to unpack .../mssql-tools18_18.6.2.1-1_amd64.deb ...
#7 18.12 debconf: unable to initialize frontend: Dialog
#7 18.12 debconf: (TERM is not set, so the dialog frontend is not usable.)
#7 18.12 debconf: falling back to frontend: Readline
#7 18.12 debconf: unable to initialize frontend: Readline
#7 18.12 debconf: (Can't locate Term/ReadLine.pm in @INC (you may need to install the Term::ReadLine module) (@INC contains: /etc/perl /usr/local/lib/x86_64-linux-gnu/perl/5.34.0 /usr/local/share/perl/5.34.0 /usr/lib/x86_64-linux-gnu/perl5/5.34 /usr/share/perl5 /usr/lib/x86_64-linux-gnu/perl-base /usr/lib/x86_64-linux-gnu/perl/5.34 /usr/share/perl/5.34 /usr/local/lib/site_perl) at /usr/share/perl5/Debconf/FrontEnd/Readline.pm line 7.)
#7 18.12 debconf: falling back to frontend: Teletype
#7 18.25 debconf: unable to initialize frontend: Dialog
#7 18.25 debconf: (TERM is not set, so the dialog frontend is not usable.)
#7 18.25 debconf: falling back to frontend: Readline
#7 18.25 debconf: unable to initialize frontend: Readline
#7 18.25 debconf: (Can't locate Term/ReadLine.pm in @INC (you may need to install the Term::ReadLine module) (@INC contains: /etc/perl /usr/local/lib/x86_64-linux-gnu/perl/5.34.0 /usr/local/share/perl/5.34.0 /usr/lib/x86_64-linux-gnu/perl5/5.34 /usr/share/perl5 /usr/lib/x86_64-linux-gnu/perl-base /usr/lib/x86_64-linux-gnu/perl/5.34 /usr/share/perl/5.34 /usr/local/lib/site_perl) at /usr/share/perl5/Debconf/FrontEnd/Readline.pm line 7.)
#7 18.25 debconf: falling back to frontend: Teletype
#7 18.31 Unpacking mssql-tools18 (18.6.2.1-1) over (18.4.1.1-1) ...
#7 18.45 debconf: unable to initialize frontend: Dialog
#7 18.45 debconf: (TERM is not set, so the dialog frontend is not usable.)
#7 18.45 debconf: falling back to frontend: Readline
#7 18.45 debconf: unable to initialize frontend: Readline
#7 18.45 debconf: (Can't locate Term/ReadLine.pm in @INC (you may need to install the Term::ReadLine module) (@INC contains: /etc/perl /usr/local/lib/x86_64-linux-gnu/perl/5.34.0 /usr/local/share/perl/5.34.0 /usr/lib/x86_64-linux-gnu/perl5/5.34 /usr/share/perl5 /usr/lib/x86_64-linux-gnu/perl-base /usr/lib/x86_64-linux-gnu/perl/5.34 /usr/share/perl/5.34 /usr/local/lib/site_perl) at /usr/share/perl5/Debconf/FrontEnd/Readline.pm line 7.)
#7 18.45 debconf: falling back to frontend: Teletype
#7 18.55 Selecting previously unselected package unixodbc-dev:amd64.
#7 18.55 Preparing to unpack .../unixodbc-dev_2.3.9-5ubuntu0.1_amd64.deb ...
#7 18.56 Unpacking unixodbc-dev:amd64 (2.3.9-5ubuntu0.1) ...
#7 18.65 Setting up mssql-tools18 (18.6.2.1-1) ...
#7 18.68 Setting up libodbccr2:amd64 (2.3.9-5ubuntu0.1) ...
#7 18.70 Setting up unixodbc-dev:amd64 (2.3.9-5ubuntu0.1) ...
#7 18.72 Processing triggers for libc-bin (2.35-0ubuntu3.10) ...
#7 18.79 W: Target Packages (main/binary-amd64/Packages) is configured multiple times in /etc/apt/sources.list.d/microsoft-prod.list:1 and /etc/apt/sources.list.d/mssql-release.list:1
#7 18.79 W: Target Packages (main/binary-arm64/Packages) is configured multiple times in /etc/apt/sources.list.d/microsoft-prod.list:1 and /etc/apt/sources.list.d/mssql-release.list:1
#7 18.79 W: Target Packages (main/binary-armhf/Packages) is configured multiple times in /etc/apt/sources.list.d/microsoft-prod.list:1 and /etc/apt/sources.list.d/mssql-release.list:1
#7 18.79 W: Target Packages (main/binary-all/Packages) is configured multiple times in /etc/apt/sources.list.d/microsoft-prod.list:1 and /etc/apt/sources.list.d/mssql-release.list:1
#7 DONE 18.9s

#7 [mssqlaagnode2 2/9] RUN apt-get update && apt-get install -y curl gnupg  && curl https://packages.microsoft.com/keys/microsoft.asc | apt-key add -  && curl https://packages.microsoft.com/config/ubuntu/22.04/prod.list > /etc/apt/sources.list.d/mssql-release.list  && apt-get update  && ACCEPT_EULA=Y apt-get install -y mssql-tools18 unixodbc-dev
#7 DONE 18.9s

#8 [mssqlaagnode2 3/9] COPY . /
#8 DONE 5.0s

#8 [mssqlaagnode2 3/9] COPY . /
#8 DONE 5.0s

#9 [mssqlaagnode1 4/9] RUN chmod +x /db-init.sh
#9 DONE 0.4s

#9 [mssqlaagnode2 4/9] RUN chmod +x /db-init.sh
#9 DONE 0.4s

#10 [mssqlaagnode1 5/9] RUN chmod +x /entrypoint.sh
#10 DONE 0.4s

#10 [mssqlaagnode1 5/9] RUN chmod +x /entrypoint.sh
#10 DONE 0.4s

#11 [mssqlaagnode2 6/9] RUN /opt/mssql/bin/mssql-conf set sqlagent.enabled true
#11 0.560 SQL Server needs to be restarted in order to apply this setting. Please run
#11 0.560 'systemctl restart mssql-server.service'.
#11 DONE 0.6s

#12 [mssqlaagnode2 7/9] RUN /opt/mssql/bin/mssql-conf set hadr.hadrenabled  1
#12 0.486 SQL Server needs to be restarted in order to apply this setting. Please run
#12 0.486 'systemctl restart mssql-server.service'.
#12 DONE 0.5s

#13 [mssqlaagnode1 8/9] RUN mkdir -p /var/opt/mssql/shared /var/opt/mssql/backup     && chown -R mssql:mssql /var/opt/mssql/shared /var/opt/mssql/backup
#13 DONE 0.4s

#13 [mssqlaagnode1 8/9] RUN mkdir -p /var/opt/mssql/shared /var/opt/mssql/backup     && chown -R mssql:mssql /var/opt/mssql/shared /var/opt/mssql/backup
#13 DONE 0.4s

#14 [mssqlaagnode2 9/9] RUN /opt/mssql/bin/mssql-conf set filelocation.defaultbackupdir /var/opt/mssql/backup
#14 0.454 SQL Server needs to be restarted in order to apply this setting. Please run
#14 0.454 'systemctl restart mssql-server.service'.
#14 DONE 0.5s

#15 [mssqlaagnode1] exporting to image
#15 exporting layers
#15 ...

#16 [mssqlaagnode2] exporting to image
#16 ...

#15 [mssqlaagnode1] exporting to image
#15 exporting layers 42.3s done
#15 exporting manifest sha256:c71b40d56c65e93fdb05da4872e02e6239b3e4e2932cc64b1db56f5723264483 0.0s done
#15 exporting config sha256:60433c99a1d79f17f55fdbe349331eeaaed410af67000d506b2abba77430928e 0.0s done
#15 exporting attestation manifest sha256:be5c6dc1c71b052e9232bc915674f05851d9e454792a4c59b59e9962f0e3e990
#15 exporting attestation manifest sha256:be5c6dc1c71b052e9232bc915674f05851d9e454792a4c59b59e9962f0e3e990 0.1s done
#15 exporting manifest list sha256:d67087b54199a99168a4ea5f75bc30ef164207fc4c8b3b586e645f3197f99cdc 0.0s done
#15 naming to docker.io/library/alwayson-mssqlaagnode1:latest
#15 naming to docker.io/library/alwayson-mssqlaagnode1:latest done
#15 unpacking to docker.io/library/alwayson-mssqlaagnode1:latest
#15 ...

#16 [mssqlaagnode2] exporting to image
#16 exporting layers 42.3s done
#16 exporting manifest sha256:b4f143bd9a0568e9a9d472e7dc2f83bb89e6760ba5d543fef263bae20331025d 0.0s done
#16 exporting config sha256:7a67e7860b8fa1d8dba2735fd1e96f8bf4e8f9742791e4d7845f26df62e98d2e 0.0s done
#16 exporting attestation manifest sha256:2ecdbcd18852d74ad54d8ac1d1cc5b38fff90836665e1821b1695bf7ffddcd38 0.1s done
#16 exporting manifest list sha256:f83206a2afa20508795a3d58b8319634a0df08b1bf37c423c8209c21160dcc89 0.0s done
#16 naming to docker.io/library/alwayson-mssqlaagnode2:latest done
#16 unpacking to docker.io/library/alwayson-mssqlaagnode2:latest
#16 unpacking to docker.io/library/alwayson-mssqlaagnode2:latest 14.0s done
#16 DONE 56.7s

#15 [mssqlaagnode1] exporting to image
#15 unpacking to docker.io/library/alwayson-mssqlaagnode1:latest 14.0s done
#15 DONE 56.7s

#17 [mssqlaagnode2] resolving provenance for metadata file
#17 DONE 0.1s

#18 [mssqlaagnode1] resolving provenance for metadata file
#18 DONE 0.1s
[+] build 2/2
 ✔ Image alwayson-mssqlaagnode1 Built                                                                                                     84.8s
 ✔ Image alwayson-mssqlaagnode2 Built                                                                                                     84.8s
PS [YourFolder]\alwayson> 